Archive member included to satisfy reference by file (symbol)

c:/program files (x86)/atmel/studio/7.0/toolchain/avr8/avr8-gnu-toolchain/bin/../lib/gcc/avr/4.9.2/avr4\libgcc.a(_exit.o)
                              C:/Program Files (x86)/Atmel/Studio/7.0/Packs/atmel/ATmega_DFP/1.0.106/gcc/dev/atmega8a/avr4/crtatmega8a.o (exit)
c:/program files (x86)/atmel/studio/7.0/toolchain/avr8/avr8-gnu-toolchain/bin/../lib/gcc/avr/4.9.2/avr4\libgcc.a(_copy_data.o)
                              main.o (__do_copy_data)
c:/program files (x86)/atmel/studio/7.0/toolchain/avr8/avr8-gnu-toolchain/bin/../lib/gcc/avr/4.9.2/avr4\libgcc.a(_clear_bss.o)
                              buttons.o (__do_clear_bss)
C:/Program Files (x86)/Atmel/Studio/7.0/Packs/atmel/ATmega_DFP/1.0.106/gcc/dev/atmega8a/avr4\libatmega8a.a(eerd_byte.o)
                              main.o (eeprom_read_byte)
C:/Program Files (x86)/Atmel/Studio/7.0/Packs/atmel/ATmega_DFP/1.0.106/gcc/dev/atmega8a/avr4\libatmega8a.a(eewr_byte.o)
                              main.o (eeprom_write_byte)

Allocating common symbols
Common symbol       size              file

flag                0x1               config.o

Discarded input sections

 .data          0x00000000        0x0 C:/Program Files (x86)/Atmel/Studio/7.0/Packs/atmel/ATmega_DFP/1.0.106/gcc/dev/atmega8a/avr4/crtatmega8a.o
 .bss           0x00000000        0x0 C:/Program Files (x86)/Atmel/Studio/7.0/Packs/atmel/ATmega_DFP/1.0.106/gcc/dev/atmega8a/avr4/crtatmega8a.o
 .text          0x00000000        0x0 buttons.o
 .data          0x00000000        0x0 buttons.o
 .bss           0x00000000        0x0 buttons.o
 .text          0x00000000        0x0 config.o
 .data          0x00000000        0x0 config.o
 .bss           0x00000000        0x0 config.o
 .text          0x00000000        0x0 main.o
 .data          0x00000000        0x0 main.o
 .bss           0x00000000        0x0 main.o
 .text.LEDState
                0x00000000       0x3a main.o
 .data.step_time
                0x00000000        0x2 main.o
 .text          0x00000000        0x0 managepwm.o
 .data          0x00000000        0x0 managepwm.o
 .bss           0x00000000        0x0 managepwm.o
 .text.SetPWM   0x00000000       0x24 managepwm.o
 .text.DownPWM2
                0x00000000       0xae managepwm.o
 .text.UpPWM2   0x00000000       0xae managepwm.o
 .text          0x00000000        0x0 pins.o
 .data          0x00000000        0x0 pins.o
 .bss           0x00000000        0x0 pins.o
 .debug_line    0x00000000        0x0 pins.o
 .debug_str     0x00000000       0xe0 pins.o
 .comment       0x00000000       0x31 pins.o
 .text          0x00000000        0x0 c:/program files (x86)/atmel/studio/7.0/toolchain/avr8/avr8-gnu-toolchain/bin/../lib/gcc/avr/4.9.2/avr4\libgcc.a(_exit.o)
 .data          0x00000000        0x0 c:/program files (x86)/atmel/studio/7.0/toolchain/avr8/avr8-gnu-toolchain/bin/../lib/gcc/avr/4.9.2/avr4\libgcc.a(_exit.o)
 .bss           0x00000000        0x0 c:/program files (x86)/atmel/studio/7.0/toolchain/avr8/avr8-gnu-toolchain/bin/../lib/gcc/avr/4.9.2/avr4\libgcc.a(_exit.o)
 .text.libgcc.mul
                0x00000000        0x0 c:/program files (x86)/atmel/studio/7.0/toolchain/avr8/avr8-gnu-toolchain/bin/../lib/gcc/avr/4.9.2/avr4\libgcc.a(_exit.o)
 .text.libgcc.div
                0x00000000        0x0 c:/program files (x86)/atmel/studio/7.0/toolchain/avr8/avr8-gnu-toolchain/bin/../lib/gcc/avr/4.9.2/avr4\libgcc.a(_exit.o)
 .text.libgcc   0x00000000        0x0 c:/program files (x86)/atmel/studio/7.0/toolchain/avr8/avr8-gnu-toolchain/bin/../lib/gcc/avr/4.9.2/avr4\libgcc.a(_exit.o)
 .text.libgcc.prologue
                0x00000000        0x0 c:/program files (x86)/atmel/studio/7.0/toolchain/avr8/avr8-gnu-toolchain/bin/../lib/gcc/avr/4.9.2/avr4\libgcc.a(_exit.o)
 .text.libgcc.builtins
                0x00000000        0x0 c:/program files (x86)/atmel/studio/7.0/toolchain/avr8/avr8-gnu-toolchain/bin/../lib/gcc/avr/4.9.2/avr4\libgcc.a(_exit.o)
 .text.libgcc.fmul
                0x00000000        0x0 c:/program files (x86)/atmel/studio/7.0/toolchain/avr8/avr8-gnu-toolchain/bin/../lib/gcc/avr/4.9.2/avr4\libgcc.a(_exit.o)
 .text.libgcc.fixed
                0x00000000        0x0 c:/program files (x86)/atmel/studio/7.0/toolchain/avr8/avr8-gnu-toolchain/bin/../lib/gcc/avr/4.9.2/avr4\libgcc.a(_exit.o)
 .text          0x00000000        0x0 c:/program files (x86)/atmel/studio/7.0/toolchain/avr8/avr8-gnu-toolchain/bin/../lib/gcc/avr/4.9.2/avr4\libgcc.a(_copy_data.o)
 .data          0x00000000        0x0 c:/program files (x86)/atmel/studio/7.0/toolchain/avr8/avr8-gnu-toolchain/bin/../lib/gcc/avr/4.9.2/avr4\libgcc.a(_copy_data.o)
 .bss           0x00000000        0x0 c:/program files (x86)/atmel/studio/7.0/toolchain/avr8/avr8-gnu-toolchain/bin/../lib/gcc/avr/4.9.2/avr4\libgcc.a(_copy_data.o)
 .text.libgcc.mul
                0x00000000        0x0 c:/program files (x86)/atmel/studio/7.0/toolchain/avr8/avr8-gnu-toolchain/bin/../lib/gcc/avr/4.9.2/avr4\libgcc.a(_copy_data.o)
 .text.libgcc.div
                0x00000000        0x0 c:/program files (x86)/atmel/studio/7.0/toolchain/avr8/avr8-gnu-toolchain/bin/../lib/gcc/avr/4.9.2/avr4\libgcc.a(_copy_data.o)
 .text.libgcc   0x00000000        0x0 c:/program files (x86)/atmel/studio/7.0/toolchain/avr8/avr8-gnu-toolchain/bin/../lib/gcc/avr/4.9.2/avr4\libgcc.a(_copy_data.o)
 .text.libgcc.prologue
                0x00000000        0x0 c:/program files (x86)/atmel/studio/7.0/toolchain/avr8/avr8-gnu-toolchain/bin/../lib/gcc/avr/4.9.2/avr4\libgcc.a(_copy_data.o)
 .text.libgcc.builtins
                0x00000000        0x0 c:/program files (x86)/atmel/studio/7.0/toolchain/avr8/avr8-gnu-toolchain/bin/../lib/gcc/avr/4.9.2/avr4\libgcc.a(_copy_data.o)
 .text.libgcc.fmul
                0x00000000        0x0 c:/program files (x86)/atmel/studio/7.0/toolchain/avr8/avr8-gnu-toolchain/bin/../lib/gcc/avr/4.9.2/avr4\libgcc.a(_copy_data.o)
 .text.libgcc.fixed
                0x00000000        0x0 c:/program files (x86)/atmel/studio/7.0/toolchain/avr8/avr8-gnu-toolchain/bin/../lib/gcc/avr/4.9.2/avr4\libgcc.a(_copy_data.o)
 .text          0x00000000        0x0 c:/program files (x86)/atmel/studio/7.0/toolchain/avr8/avr8-gnu-toolchain/bin/../lib/gcc/avr/4.9.2/avr4\libgcc.a(_clear_bss.o)
 .data          0x00000000        0x0 c:/program files (x86)/atmel/studio/7.0/toolchain/avr8/avr8-gnu-toolchain/bin/../lib/gcc/avr/4.9.2/avr4\libgcc.a(_clear_bss.o)
 .bss           0x00000000        0x0 c:/program files (x86)/atmel/studio/7.0/toolchain/avr8/avr8-gnu-toolchain/bin/../lib/gcc/avr/4.9.2/avr4\libgcc.a(_clear_bss.o)
 .text.libgcc.mul
                0x00000000        0x0 c:/program files (x86)/atmel/studio/7.0/toolchain/avr8/avr8-gnu-toolchain/bin/../lib/gcc/avr/4.9.2/avr4\libgcc.a(_clear_bss.o)
 .text.libgcc.div
                0x00000000        0x0 c:/program files (x86)/atmel/studio/7.0/toolchain/avr8/avr8-gnu-toolchain/bin/../lib/gcc/avr/4.9.2/avr4\libgcc.a(_clear_bss.o)
 .text.libgcc   0x00000000        0x0 c:/program files (x86)/atmel/studio/7.0/toolchain/avr8/avr8-gnu-toolchain/bin/../lib/gcc/avr/4.9.2/avr4\libgcc.a(_clear_bss.o)
 .text.libgcc.prologue
                0x00000000        0x0 c:/program files (x86)/atmel/studio/7.0/toolchain/avr8/avr8-gnu-toolchain/bin/../lib/gcc/avr/4.9.2/avr4\libgcc.a(_clear_bss.o)
 .text.libgcc.builtins
                0x00000000        0x0 c:/program files (x86)/atmel/studio/7.0/toolchain/avr8/avr8-gnu-toolchain/bin/../lib/gcc/avr/4.9.2/avr4\libgcc.a(_clear_bss.o)
 .text.libgcc.fmul
                0x00000000        0x0 c:/program files (x86)/atmel/studio/7.0/toolchain/avr8/avr8-gnu-toolchain/bin/../lib/gcc/avr/4.9.2/avr4\libgcc.a(_clear_bss.o)
 .text.libgcc.fixed
                0x00000000        0x0 c:/program files (x86)/atmel/studio/7.0/toolchain/avr8/avr8-gnu-toolchain/bin/../lib/gcc/avr/4.9.2/avr4\libgcc.a(_clear_bss.o)
 .text          0x00000000        0x0 C:/Program Files (x86)/Atmel/Studio/7.0/Packs/atmel/ATmega_DFP/1.0.106/gcc/dev/atmega8a/avr4\libatmega8a.a(eerd_byte.o)
 .data          0x00000000        0x0 C:/Program Files (x86)/Atmel/Studio/7.0/Packs/atmel/ATmega_DFP/1.0.106/gcc/dev/atmega8a/avr4\libatmega8a.a(eerd_byte.o)
 .bss           0x00000000        0x0 C:/Program Files (x86)/Atmel/Studio/7.0/Packs/atmel/ATmega_DFP/1.0.106/gcc/dev/atmega8a/avr4\libatmega8a.a(eerd_byte.o)
 .text          0x00000000        0x0 C:/Program Files (x86)/Atmel/Studio/7.0/Packs/atmel/ATmega_DFP/1.0.106/gcc/dev/atmega8a/avr4\libatmega8a.a(eewr_byte.o)
 .data          0x00000000        0x0 C:/Program Files (x86)/Atmel/Studio/7.0/Packs/atmel/ATmega_DFP/1.0.106/gcc/dev/atmega8a/avr4\libatmega8a.a(eewr_byte.o)
 .bss           0x00000000        0x0 C:/Program Files (x86)/Atmel/Studio/7.0/Packs/atmel/ATmega_DFP/1.0.106/gcc/dev/atmega8a/avr4\libatmega8a.a(eewr_byte.o)

Memory Configuration

Name             Origin             Length             Attributes
text             0x00000000         0x00002000         xr
data             0x00800060         0x0000ffa0         rw !x
eeprom           0x00810000         0x00010000         rw !x
fuse             0x00820000         0x00000400         rw !x
lock             0x00830000         0x00000400         rw !x
signature        0x00840000         0x00000400         rw !x
user_signatures  0x00850000         0x00000400         rw !x
*default*        0x00000000         0xffffffff

Linker script and memory map

LOAD C:/Program Files (x86)/Atmel/Studio/7.0/Packs/atmel/ATmega_DFP/1.0.106/gcc/dev/atmega8a/avr4/crtatmega8a.o
LOAD buttons.o
LOAD config.o
LOAD main.o
LOAD managepwm.o
LOAD pins.o
START GROUP
LOAD c:/program files (x86)/atmel/studio/7.0/toolchain/avr8/avr8-gnu-toolchain/bin/../lib/gcc/avr/4.9.2/../../../../avr/lib/avr4\libm.a
END GROUP
START GROUP
LOAD c:/program files (x86)/atmel/studio/7.0/toolchain/avr8/avr8-gnu-toolchain/bin/../lib/gcc/avr/4.9.2/avr4\libgcc.a
LOAD c:/program files (x86)/atmel/studio/7.0/toolchain/avr8/avr8-gnu-toolchain/bin/../lib/gcc/avr/4.9.2/../../../../avr/lib/avr4\libm.a
LOAD c:/program files (x86)/atmel/studio/7.0/toolchain/avr8/avr8-gnu-toolchain/bin/../lib/gcc/avr/4.9.2/../../../../avr/lib/avr4\libc.a
LOAD C:/Program Files (x86)/Atmel/Studio/7.0/Packs/atmel/ATmega_DFP/1.0.106/gcc/dev/atmega8a/avr4\libatmega8a.a
END GROUP
                0x00002000                __TEXT_REGION_LENGTH__ = DEFINED (__TEXT_REGION_LENGTH__)?__TEXT_REGION_LENGTH__:0x2000
                0x0000ffa0                __DATA_REGION_LENGTH__ = DEFINED (__DATA_REGION_LENGTH__)?__DATA_REGION_LENGTH__:0xffa0
                0x00010000                __EEPROM_REGION_LENGTH__ = DEFINED (__EEPROM_REGION_LENGTH__)?__EEPROM_REGION_LENGTH__:0x10000
                0x00000400                __FUSE_REGION_LENGTH__ = DEFINED (__FUSE_REGION_LENGTH__)?__FUSE_REGION_LENGTH__:0x400
                0x00000400                __LOCK_REGION_LENGTH__ = DEFINED (__LOCK_REGION_LENGTH__)?__LOCK_REGION_LENGTH__:0x400
                0x00000400                __SIGNATURE_REGION_LENGTH__ = DEFINED (__SIGNATURE_REGION_LENGTH__)?__SIGNATURE_REGION_LENGTH__:0x400
                0x00000400                __USER_SIGNATURE_REGION_LENGTH__ = DEFINED (__USER_SIGNATURE_REGION_LENGTH__)?__USER_SIGNATURE_REGION_LENGTH__:0x400

.hash
 *(.hash)

.dynsym
 *(.dynsym)

.dynstr
 *(.dynstr)

.gnu.version
 *(.gnu.version)

.gnu.version_d
 *(.gnu.version_d)

.gnu.version_r
 *(.gnu.version_r)

.rel.init
 *(.rel.init)

.rela.init
 *(.rela.init)

.rel.text
 *(.rel.text)
 *(.rel.text.*)
 *(.rel.gnu.linkonce.t*)

.rela.text
 *(.rela.text)
 *(.rela.text.*)
 *(.rela.gnu.linkonce.t*)

.rel.fini
 *(.rel.fini)

.rela.fini
 *(.rela.fini)

.rel.rodata
 *(.rel.rodata)
 *(.rel.rodata.*)
 *(.rel.gnu.linkonce.r*)

.rela.rodata
 *(.rela.rodata)
 *(.rela.rodata.*)
 *(.rela.gnu.linkonce.r*)

.rel.data
 *(.rel.data)
 *(.rel.data.*)
 *(.rel.gnu.linkonce.d*)

.rela.data
 *(.rela.data)
 *(.rela.data.*)
 *(.rela.gnu.linkonce.d*)

.rel.ctors
 *(.rel.ctors)

.rela.ctors
 *(.rela.ctors)

.rel.dtors
 *(.rel.dtors)

.rela.dtors
 *(.rela.dtors)

.rel.got
 *(.rel.got)

.rela.got
 *(.rela.got)

.rel.bss
 *(.rel.bss)

.rela.bss
 *(.rela.bss)

.rel.plt
 *(.rel.plt)

.rela.plt
 *(.rela.plt)

.text           0x00000000      0x7c4
 *(.vectors)
 .vectors       0x00000000       0x26 C:/Program Files (x86)/Atmel/Studio/7.0/Packs/atmel/ATmega_DFP/1.0.106/gcc/dev/atmega8a/avr4/crtatmega8a.o
                0x00000000                __vector_default
                0x00000000                __vectors
 *(.vectors)
 *(.progmem.gcc*)
                0x00000026                . = ALIGN (0x2)
                0x00000026                __trampolines_start = .
 *(.trampolines)
 .trampolines   0x00000026        0x0 linker stubs
 *(.trampolines*)
                0x00000026                __trampolines_end = .
 *libprintf_flt.a:*(.progmem.data)
 *libc.a:*(.progmem.data)
 *(.progmem*)
 .progmem.data.pwmtable
                0x00000026        0x8 managepwm.o
                0x00000026                pwmtable
                0x0000002e                . = ALIGN (0x2)
 *(.jumptables)
 *(.jumptables*)
 *(.lowtext)
 *(.lowtext*)
                0x0000002e                __ctors_start = .
 *(.ctors)
                0x0000002e                __ctors_end = .
                0x0000002e                __dtors_start = .
 *(.dtors)
                0x0000002e                __dtors_end = .
 SORT(*)(.ctors)
 SORT(*)(.dtors)
 *(.init0)
 .init0         0x0000002e        0x0 C:/Program Files (x86)/Atmel/Studio/7.0/Packs/atmel/ATmega_DFP/1.0.106/gcc/dev/atmega8a/avr4/crtatmega8a.o
                0x0000002e                __init
 *(.init0)
 *(.init1)
 *(.init1)
 *(.init2)
 .init2         0x0000002e        0xc C:/Program Files (x86)/Atmel/Studio/7.0/Packs/atmel/ATmega_DFP/1.0.106/gcc/dev/atmega8a/avr4/crtatmega8a.o
 *(.init2)
 *(.init3)
 *(.init3)
 *(.init4)
 .init4         0x0000003a       0x16 c:/program files (x86)/atmel/studio/7.0/toolchain/avr8/avr8-gnu-toolchain/bin/../lib/gcc/avr/4.9.2/avr4\libgcc.a(_copy_data.o)
                0x0000003a                __do_copy_data
 .init4         0x00000050       0x10 c:/program files (x86)/atmel/studio/7.0/toolchain/avr8/avr8-gnu-toolchain/bin/../lib/gcc/avr/4.9.2/avr4\libgcc.a(_clear_bss.o)
                0x00000050                __do_clear_bss
 *(.init4)
 *(.init5)
 *(.init5)
 *(.init6)
 *(.init6)
 *(.init7)
 *(.init7)
 *(.init8)
 *(.init8)
 *(.init9)
 .init9         0x00000060        0x4 C:/Program Files (x86)/Atmel/Studio/7.0/Packs/atmel/ATmega_DFP/1.0.106/gcc/dev/atmega8a/avr4/crtatmega8a.o
 *(.init9)
 *(.text)
 .text          0x00000064        0x2 C:/Program Files (x86)/Atmel/Studio/7.0/Packs/atmel/ATmega_DFP/1.0.106/gcc/dev/atmega8a/avr4/crtatmega8a.o
                0x00000064                __vector_1
                0x00000064                __vector_12
                0x00000064                __bad_interrupt
                0x00000064                __vector_6
                0x00000064                __vector_3
                0x00000064                __vector_11
                0x00000064                __vector_13
                0x00000064                __vector_17
                0x00000064                __vector_7
                0x00000064                __vector_5
                0x00000064                __vector_4
                0x00000064                __vector_2
                0x00000064                __vector_15
                0x00000064                __vector_8
                0x00000064                __vector_14
                0x00000064                __vector_10
                0x00000064                __vector_16
                0x00000064                __vector_18
                0x00000066                . = ALIGN (0x2)
 *(.text.*)
 .text.PutBut   0x00000066       0x26 buttons.o
 .text.BUT_Check
                0x0000008c       0xc6 buttons.o
 .text.BUT_GetBut
                0x00000152       0x2a buttons.o
                0x00000152                BUT_GetBut
 .text.BUT_Init
                0x0000017c       0x50 buttons.o
                0x0000017c                BUT_Init
 .text.BUT_Poll
                0x000001cc       0x40 buttons.o
                0x000001cc                BUT_Poll
 .text.BaseConfig
                0x0000020c       0x78 config.o
                0x0000020c                BaseConfig
 .text.WatchDogConfig
                0x00000284        0x8 config.o
                0x00000284                WatchDogConfig
 .text.__vector_9
                0x0000028c       0xbe main.o
                0x0000028c                __vector_9
 .text.ResetWorkTime
                0x0000034a       0x12 main.o
                0x0000034a                ResetWorkTime
 .text.ResetFlickTime
                0x0000035c        0xe main.o
                0x0000035c                ResetFlickTime
 .text.Flickering
                0x0000036a       0x54 main.o
                0x0000036a                Flickering
 .text.LEDS     0x000003be       0x4c main.o
                0x000003be                LEDS
 .text.PWMOFF   0x0000040a       0x16 main.o
                0x0000040a                PWMOFF
 .text.PWMON    0x00000420       0x1a main.o
                0x00000420                PWMON
 .text.main     0x0000043a      0x1d0 main.o
                0x0000043a                main
 .text.SetSavedPWM
                0x0000060a       0x38 managepwm.o
                0x0000060a                SetSavedPWM
 .text.DownPWM  0x00000642       0xaa managepwm.o
                0x00000642                DownPWM
 .text.UpPWM    0x000006ec       0xaa managepwm.o
                0x000006ec                UpPWM
 .text.avr-libc
                0x00000796       0x10 C:/Program Files (x86)/Atmel/Studio/7.0/Packs/atmel/ATmega_DFP/1.0.106/gcc/dev/atmega8a/avr4\libatmega8a.a(eerd_byte.o)
                0x00000796                eeprom_read_byte
 .text.avr-libc
                0x000007a6       0x1a C:/Program Files (x86)/Atmel/Studio/7.0/Packs/atmel/ATmega_DFP/1.0.106/gcc/dev/atmega8a/avr4\libatmega8a.a(eewr_byte.o)
                0x000007a6                eeprom_write_byte
                0x000007a8                eeprom_write_r18
                0x000007c0                . = ALIGN (0x2)
 *(.fini9)
 .fini9         0x000007c0        0x0 c:/program files (x86)/atmel/studio/7.0/toolchain/avr8/avr8-gnu-toolchain/bin/../lib/gcc/avr/4.9.2/avr4\libgcc.a(_exit.o)
                0x000007c0                _exit
                0x000007c0                exit
 *(.fini9)
 *(.fini8)
 *(.fini8)
 *(.fini7)
 *(.fini7)
 *(.fini6)
 *(.fini6)
 *(.fini5)
 *(.fini5)
 *(.fini4)
 *(.fini4)
 *(.fini3)
 *(.fini3)
 *(.fini2)
 *(.fini2)
 *(.fini1)
 *(.fini1)
 *(.fini0)
 .fini0         0x000007c0        0x4 c:/program files (x86)/atmel/studio/7.0/toolchain/avr8/avr8-gnu-toolchain/bin/../lib/gcc/avr/4.9.2/avr4\libgcc.a(_exit.o)
 *(.fini0)
                0x000007c4                _etext = .

.data           0x00800060        0x8 load address 0x000007c4
                0x00800060                PROVIDE (__data_start, .)
 *(.data)
 *(.data*)
 .data.but_time
                0x00800060        0x2 main.o
                0x00800060                but_time
 .data.flick_time
                0x00800062        0x2 main.o
                0x00800062                flick_time
 .data.work_time
                0x00800064        0x2 main.o
                0x00800064                work_time
 .data.current_ch
                0x00800066        0x1 main.o
                0x00800066                current_ch
 *(.rodata)
 *(.rodata*)
 *(.gnu.linkonce.d*)
                0x00800068                . = ALIGN (0x2)
 *fill*         0x00800067        0x1 
                0x00800068                _edata = .
                0x00800068                PROVIDE (__data_end, .)

.bss            0x00800068       0x1b
                0x00800068                PROVIDE (__bss_start, .)
 *(.bss)
 *(.bss*)
 .bss.count     0x00800068        0x1 buttons.o
 .bss.tail      0x00800069        0x1 buttons.o
 .bss.head      0x0080006a        0x1 buttons.o
 .bss.buf       0x0080006b        0x8 buttons.o
 .bss.stateBut  0x00800073        0x4 buttons.o
 .bss.countDebTmp
                0x00800077        0x1 buttons.o
 .bss.countDeb  0x00800078        0x4 buttons.o
 .bss.state.1747
                0x0080007c        0x1 main.o
 .bss.but_code  0x0080007d        0x1 main.o
                0x0080007d                but_code
 .bss.but       0x0080007e        0x1 main.o
                0x0080007e                but
 .bss.ch3_pwm   0x0080007f        0x1 main.o
                0x0080007f                ch3_pwm
 .bss.ch2_pwm   0x00800080        0x1 main.o
                0x00800080                ch2_pwm
 .bss.ch1_pwm   0x00800081        0x1 main.o
                0x00800081                ch1_pwm
 *(COMMON)
 COMMON         0x00800082        0x1 config.o
                0x00800082                flag
                0x00800083                PROVIDE (__bss_end, .)
                0x000007c4                __data_load_start = LOADADDR (.data)
                0x000007cc                __data_load_end = (__data_load_start + SIZEOF (.data))

.noinit         0x00800083        0x0
                [!provide]                PROVIDE (__noinit_start, .)
 *(.noinit*)
                [!provide]                PROVIDE (__noinit_end, .)
                0x00800083                _end = .
                [!provide]                PROVIDE (__heap_start, .)

.eeprom         0x00810000        0x5
 *(.eeprom*)
 .eeprom        0x00810000        0x5 main.o
                0x00810000                ch3_pwm_saved
                0x00810001                ch2_pwm_saved
                0x00810002                ch1_pwm_saved
                0x00810003                current_ch_saved
                0x00810004                work_it
                0x00810005                __eeprom_end = .

.fuse
 *(.fuse)
 *(.lfuse)
 *(.hfuse)
 *(.efuse)

.lock
 *(.lock*)

.signature
 *(.signature*)

.user_signatures
 *(.user_signatures*)

.stab
 *(.stab)

.stabstr
 *(.stabstr)

.stab.excl
 *(.stab.excl)

.stab.exclstr
 *(.stab.exclstr)

.stab.index
 *(.stab.index)

.stab.indexstr
 *(.stab.indexstr)

.comment        0x00000000       0x30
 *(.comment)
 .comment       0x00000000       0x30 buttons.o
                                 0x31 (size before relaxing)
 .comment       0x00000030       0x31 config.o
 .comment       0x00000030       0x31 main.o
 .comment       0x00000030       0x31 managepwm.o

.note.gnu.avr.deviceinfo
                0x00000000       0x3c
 .note.gnu.avr.deviceinfo
                0x00000000       0x3c C:/Program Files (x86)/Atmel/Studio/7.0/Packs/atmel/ATmega_DFP/1.0.106/gcc/dev/atmega8a/avr4/crtatmega8a.o

.note.gnu.build-id
 *(.note.gnu.build-id)

.debug
 *(.debug)

.line
 *(.line)

.debug_srcinfo
 *(.debug_srcinfo)

.debug_sfnames
 *(.debug_sfnames)

.debug_aranges  0x00000000      0x110
 *(.debug_aranges)
 .debug_aranges
                0x00000000       0x40 buttons.o
 .debug_aranges
                0x00000040       0x28 config.o
 .debug_aranges
                0x00000068       0x60 main.o
 .debug_aranges
                0x000000c8       0x48 managepwm.o

.debug_pubnames
 *(.debug_pubnames)

.debug_info     0x00000000     0x1529
 *(.debug_info .gnu.linkonce.wi.*)
 .debug_info    0x00000000      0x299 buttons.o
 .debug_info    0x00000299      0x128 config.o
 .debug_info    0x000003c1      0x973 main.o
 .debug_info    0x00000d34      0x7f5 managepwm.o

.debug_abbrev   0x00000000      0x5d6
 *(.debug_abbrev)
 .debug_abbrev  0x00000000      0x167 buttons.o
 .debug_abbrev  0x00000167       0x8b config.o
 .debug_abbrev  0x000001f2      0x22d main.o
 .debug_abbrev  0x0000041f      0x1b7 managepwm.o

.debug_line     0x00000000      0xd24
 *(.debug_line .debug_line.* .debug_line_end)
 .debug_line    0x00000000      0x2a4 buttons.o
 .debug_line    0x000002a4      0x147 config.o
 .debug_line    0x000003eb      0x4bd main.o
 .debug_line    0x000008a8      0x47c managepwm.o

.debug_frame    0x00000000      0x1e0
 *(.debug_frame)
 .debug_frame   0x00000000       0x80 buttons.o
 .debug_frame   0x00000080       0x34 config.o
 .debug_frame   0x000000b4       0xb8 main.o
 .debug_frame   0x0000016c       0x74 managepwm.o

.debug_str      0x00000000      0x387
 *(.debug_str)
 .debug_str     0x00000000      0x1a3 buttons.o
                                0x1d7 (size before relaxing)
 .debug_str     0x000001a3       0x58 config.o
                                0x1a3 (size before relaxing)
 .debug_str     0x000001fb      0x143 main.o
                                0x2fb (size before relaxing)
 .debug_str     0x0000033e       0x49 managepwm.o
                                0x25c (size before relaxing)

.debug_loc      0x00000000      0xc03
 *(.debug_loc)
 .debug_loc     0x00000000      0x316 buttons.o
 .debug_loc     0x00000316      0x43f main.o
 .debug_loc     0x00000755      0x4ae managepwm.o

.debug_macinfo
 *(.debug_macinfo)

.debug_weaknames
 *(.debug_weaknames)

.debug_funcnames
 *(.debug_funcnames)

.debug_typenames
 *(.debug_typenames)

.debug_varnames
 *(.debug_varnames)

.debug_pubtypes
 *(.debug_pubtypes)

.debug_ranges   0x00000000       0xd0
 *(.debug_ranges)
 .debug_ranges  0x00000000       0x30 buttons.o
 .debug_ranges  0x00000030       0x18 config.o
 .debug_ranges  0x00000048       0x50 main.o
 .debug_ranges  0x00000098       0x38 managepwm.o

.debug_macro
 *(.debug_macro)
OUTPUT(LT.elf elf32-avr)
LOAD linker stubs
